clusters all 634 okx 75 binance events fixed 591
point (slices): {'binance_only': {'2022-2024': 2.413, '2025-2026': 2.06, '2026 Jan-Aug': 2.623, '2022-2026': 2.1}, 'union': {'2022-2024': 1.569, '2025-2026': 2.379, '2026 Jan-Aug': 3.289, '2022-2026': 1.896}, 'okx_half': {'2022-2024': 2.076, '2025-2026': 2.273, '2026 Jan-Aug': 3.077, '2022-2026': 2.094}, 'okx_nobn': {'2022-2024': 1.538, '2025-2026': 2.358, '2026 Jan-Aug': 3.308, '2022-2026': 1.869}, 'okx_nobn_half': {'2022-2024': 2.059, '2025-2026': 2.261, '2026 Jan-Aug': 3.084, '2022-2026': 2.079}, 'okx_exit_bn24': {'2022-2024': 1.653, '2025-2026': 2.447, '2026 Jan-Aug': 3.53, '2022-2026': 1.971}}
all union 2022-2024 {'d_point': -0.844, 'd_boot_mean': -0.563, 'se': 0.445, 'ci90': [-1.29, 0.16], 'ci95': [-1.47, 0.27], 'share_below_0': 0.899, 'p_two_sided_centred': 0.0587, 'sr_ci90': [0.57, 2.05]}
all union 2025-2026 {'d_point': 0.32, 'd_boot_mean': 0.227, 'se': 0.239, 'ci90': [-0.19, 0.59], 'ci95': [-0.29, 0.64], 'share_below_0': 0.155, 'p_two_sided_centred': 0.1675, 'sr_ci90': [0.83, 2.86]}
all union 2026 Jan-Aug {'d_point': 0.667, 'd_boot_mean': 0.519, 'se': 0.432, 'ci90': [-0.18, 1.25], 'ci95': [-0.38, 1.41], 'share_below_0': 0.105, 'p_two_sided_centred': 0.1225, 'sr_ci90': [0.75, 4.17]}
all union 2022-2026 {'d_point': -0.205, 'd_boot_mean': -0.122, 'se': 0.261, 'ci90': [-0.61, 0.29], 'ci95': [-0.69, 0.34], 'share_below_0': 0.676, 'p_two_sided_centred': 0.4238, 'sr_ci90': [0.85, 2.12]}
all okx_half 2022-2024 {'d_point': -0.338, 'd_boot_mean': -0.204, 'se': 0.284, 'ci90': [-0.69, 0.26], 'ci95': [-0.81, 0.3], 'share_below_0': 0.752, 'p_two_sided_centred': 0.2175, 'sr_ci90': [0.99, 2.34]}
all okx_half 2025-2026 {'d_point': 0.214, 'd_boot_mean': 0.146, 'se': 0.154, 'ci90': [-0.11, 0.39], 'ci95': [-0.17, 0.45], 'share_below_0': 0.168, 'p_two_sided_centred': 0.1588, 'sr_ci90': [0.66, 2.8]}
all okx_half 2026 Jan-Aug {'d_point': 0.454, 'd_boot_mean': 0.365, 'se': 0.313, 'ci90': [-0.07, 0.95], 'ci95': [-0.18, 1.11], 'share_below_0': 0.089, 'p_two_sided_centred': 0.13, 'sr_ci90': [0.47, 4.0]}
all okx_half 2022-2026 {'d_point': -0.007, 'd_boot_mean': 0.009, 'se': 0.15, 'ci90': [-0.26, 0.25], 'ci95': [-0.31, 0.28], 'share_below_0': 0.476, 'p_two_sided_centred': 0.9637, 'sr_ci90': [0.97, 2.26]}
all okx_nobn 2022-2024 {'d_point': -0.875, 'd_boot_mean': -0.578, 'se': 0.441, 'ci90': [-1.3, 0.16], 'ci95': [-1.47, 0.25], 'share_below_0': 0.907, 'p_two_sided_centred': 0.0437, 'sr_ci90': [0.54, 2.02]}
all okx_nobn 2025-2026 {'d_point': 0.298, 'd_boot_mean': 0.211, 'se': 0.243, 'ci90': [-0.21, 0.58], 'ci95': [-0.31, 0.65], 'share_below_0': 0.177, 'p_two_sided_centred': 0.205, 'sr_ci90': [0.82, 2.88]}
all okx_nobn 2026 Jan-Aug {'d_point': 0.685, 'd_boot_mean': 0.535, 'se': 0.448, 'ci90': [-0.2, 1.29], 'ci95': [-0.3, 1.49], 'share_below_0': 0.096, 'p_two_sided_centred': 0.125, 'sr_ci90': [0.74, 4.24]}
all okx_nobn 2022-2026 {'d_point': -0.231, 'd_boot_mean': -0.137, 'se': 0.26, 'ci90': [-0.61, 0.28], 'ci95': [-0.71, 0.33], 'share_below_0': 0.695, 'p_two_sided_centred': 0.3638, 'sr_ci90': [0.82, 2.12]}
all okx_nobn_half 2022-2024 {'d_point': -0.354, 'd_boot_mean': -0.21, 'se': 0.274, 'ci90': [-0.68, 0.23], 'ci95': [-0.79, 0.29], 'share_below_0': 0.762, 'p_two_sided_centred': 0.1862, 'sr_ci90': [0.97, 2.32]}
all okx_nobn_half 2025-2026 {'d_point': 0.201, 'd_boot_mean': 0.136, 'se': 0.158, 'ci90': [-0.12, 0.39], 'ci95': [-0.17, 0.45], 'share_below_0': 0.179, 'p_two_sided_centred': 0.1837, 'sr_ci90': [0.66, 2.79]}
all okx_nobn_half 2026 Jan-Aug {'d_point': 0.461, 'd_boot_mean': 0.371, 'se': 0.326, 'ci90': [-0.08, 1.0], 'ci95': [-0.16, 1.15], 'share_below_0': 0.084, 'p_two_sided_centred': 0.1375, 'sr_ci90': [0.47, 4.01]}
all okx_nobn_half 2022-2026 {'d_point': -0.021, 'd_boot_mean': 0.003, 'se': 0.146, 'ci90': [-0.26, 0.25], 'ci95': [-0.31, 0.27], 'share_below_0': 0.499, 'p_two_sided_centred': 0.89, 'sr_ci90': [0.95, 2.25]}
all okx_exit_bn24 2022-2024 {'d_point': -0.761, 'd_boot_mean': -0.49, 'se': 0.447, 'ci90': [-1.22, 0.25], 'ci95': [-1.4, 0.34], 'share_below_0': 0.86, 'p_two_sided_centred': 0.0838, 'sr_ci90': [0.6, 2.12]}
all okx_exit_bn24 2025-2026 {'d_point': 0.388, 'd_boot_mean': 0.27, 'se': 0.217, 'ci90': [-0.09, 0.61], 'ci95': [-0.2, 0.66], 'share_below_0': 0.106, 'p_two_sided_centred': 0.0688, 'sr_ci90': [0.84, 2.89]}
all okx_exit_bn24 2026 Jan-Aug {'d_point': 0.907, 'd_boot_mean': 0.637, 'se': 0.325, 'ci90': [0.12, 1.2], 'ci95': [0.06, 1.34], 'share_below_0': 0.013, 'p_two_sided_centred': 0.0063, 'sr_ci90': [0.89, 4.24]}
all okx_exit_bn24 2022-2026 {'d_point': -0.13, 'd_boot_mean': -0.063, 'se': 0.26, 'ci90': [-0.52, 0.36], 'ci95': [-0.64, 0.42], 'share_below_0': 0.583, 'p_two_sided_centred': 0.5988, 'sr_ci90': [0.88, 2.19]}
okx union 2022-2024 {'d_point': -0.844, 'd_boot_mean': -0.98, 'se': 0.446, 'ci90': [-1.73, -0.27], 'ci95': [-1.85, -0.11], 'share_below_0': 0.99, 'p_two_sided_centred': 0.0675, 'sr_ci90': [0.68, 2.15]}
okx union 2025-2026 {'d_point': 0.32, 'd_boot_mean': 0.167, 'se': 0.255, 'ci90': [-0.28, 0.58], 'ci95': [-0.36, 0.63], 'share_below_0': 0.254, 'p_two_sided_centred': 0.2, 'sr_ci90': [1.78, 2.64]}
okx union 2026 Jan-Aug {'d_point': 0.667, 'd_boot_mean': 0.433, 'se': 0.43, 'ci90': [-0.27, 1.11], 'ci95': [-0.38, 1.25], 'share_below_0': 0.166, 'p_two_sided_centred': 0.1138, 'sr_ci90': [2.36, 3.74]}
okx union 2022-2026 {'d_point': -0.205, 'd_boot_mean': -0.364, 'se': 0.288, 'ci90': [-0.86, 0.1], 'ci95': [-0.93, 0.18], 'share_below_0': 0.899, 'p_two_sided_centred': 0.4738, 'sr_ci90': [1.24, 2.2]}
okx okx_half 2022-2024 {'d_point': -0.338, 'd_boot_mean': -0.433, 'se': 0.317, 'ci90': [-0.98, 0.05], 'ci95': [-1.09, 0.17], 'share_below_0': 0.919, 'p_two_sided_centred': 0.2913, 'sr_ci90': [1.44, 2.46]}
okx okx_half 2025-2026 {'d_point': 0.214, 'd_boot_mean': 0.148, 'se': 0.155, 'ci90': [-0.12, 0.39], 'ci95': [-0.16, 0.45], 'share_below_0': 0.168, 'p_two_sided_centred': 0.17, 'sr_ci90': [1.94, 2.45]}
okx okx_half 2026 Jan-Aug {'d_point': 0.454, 'd_boot_mean': 0.37, 'se': 0.271, 'ci90': [-0.04, 0.83], 'ci95': [-0.11, 0.93], 'share_below_0': 0.077, 'p_two_sided_centred': 0.0875, 'sr_ci90': [2.58, 3.46]}
okx okx_half 2022-2026 {'d_point': -0.007, 'd_boot_mean': -0.079, 'se': 0.172, 'ci90': [-0.39, 0.2], 'ci95': [-0.43, 0.23], 'share_below_0': 0.665, 'p_two_sided_centred': 0.9587, 'sr_ci90': [1.72, 2.3]}
okx okx_nobn 2022-2024 {'d_point': -0.875, 'd_boot_mean': -1.006, 'se': 0.447, 'ci90': [-1.76, -0.28], 'ci95': [-1.88, -0.12], 'share_below_0': 0.991, 'p_two_sided_centred': 0.055, 'sr_ci90': [0.66, 2.13]}
okx okx_nobn 2025-2026 {'d_point': 0.298, 'd_boot_mean': 0.152, 'se': 0.255, 'ci90': [-0.3, 0.56], 'ci95': [-0.37, 0.62], 'share_below_0': 0.275, 'p_two_sided_centred': 0.2375, 'sr_ci90': [1.76, 2.62]}
okx okx_nobn 2026 Jan-Aug {'d_point': 0.685, 'd_boot_mean': 0.469, 'se': 0.44, 'ci90': [-0.25, 1.18], 'ci95': [-0.35, 1.27], 'share_below_0': 0.151, 'p_two_sided_centred': 0.125, 'sr_ci90': [2.37, 3.81]}
okx okx_nobn 2022-2026 {'d_point': -0.231, 'd_boot_mean': -0.385, 'se': 0.29, 'ci90': [-0.89, 0.08], 'ci95': [-0.96, 0.16], 'share_below_0': 0.905, 'p_two_sided_centred': 0.4275, 'sr_ci90': [1.21, 2.18]}
okx okx_nobn_half 2022-2024 {'d_point': -0.354, 'd_boot_mean': -0.449, 'se': 0.318, 'ci90': [-0.99, 0.05], 'ci95': [-1.1, 0.16], 'share_below_0': 0.934, 'p_two_sided_centred': 0.2687, 'sr_ci90': [1.42, 2.47]}
okx okx_nobn_half 2025-2026 {'d_point': 0.201, 'd_boot_mean': 0.139, 'se': 0.155, 'ci90': [-0.13, 0.38], 'ci95': [-0.16, 0.44], 'share_below_0': 0.18, 'p_two_sided_centred': 0.19, 'sr_ci90': [1.93, 2.44]}
okx okx_nobn_half 2026 Jan-Aug {'d_point': 0.461, 'd_boot_mean': 0.387, 'se': 0.275, 'ci90': [-0.03, 0.84], 'ci95': [-0.09, 0.95], 'share_below_0': 0.074, 'p_two_sided_centred': 0.0825, 'sr_ci90': [2.59, 3.46]}
okx okx_nobn_half 2022-2026 {'d_point': -0.021, 'd_boot_mean': -0.091, 'se': 0.173, 'ci90': [-0.4, 0.18], 'ci95': [-0.44, 0.23], 'share_below_0': 0.695, 'p_two_sided_centred': 0.9025, 'sr_ci90': [1.7, 2.28]}
okx okx_exit_bn24 2022-2024 {'d_point': -0.761, 'd_boot_mean': -0.913, 'se': 0.459, 'ci90': [-1.67, -0.15], 'ci95': [-1.8, -0.0], 'share_below_0': 0.975, 'p_two_sided_centred': 0.1013, 'sr_ci90': [0.74, 2.26]}
okx okx_exit_bn24 2025-2026 {'d_point': 0.388, 'd_boot_mean': 0.243, 'se': 0.233, 'ci90': [-0.15, 0.59], 'ci95': [-0.25, 0.65], 'share_below_0': 0.152, 'p_two_sided_centred': 0.085, 'sr_ci90': [1.91, 2.65]}
okx okx_exit_bn24 2026 Jan-Aug {'d_point': 0.907, 'd_boot_mean': 0.654, 'se': 0.305, 'ci90': [0.15, 1.17], 'ci95': [0.07, 1.24], 'share_below_0': 0.014, 'p_two_sided_centred': 0.0013, 'sr_ci90': [2.77, 3.79]}
okx okx_exit_bn24 2022-2026 {'d_point': -0.13, 'd_boot_mean': -0.296, 'se': 0.296, 'ci90': [-0.81, 0.18], 'ci95': [-0.88, 0.26], 'share_below_0': 0.843, 'p_two_sided_centred': 0.6562, 'sr_ci90': [1.29, 2.28]}
