okx_extra base       all 2022-2026  Sharpe 0.628 trades 146 mean 0.0446 t 1.82 maxDD 0.352
okx_extra base       2022-2024      Sharpe 0.135 trades 94 mean 0.0023 t 0.08 maxDD 0.308
okx_extra base       2025-2026      Sharpe 1.577 trades 52 mean 0.1209 t 3.13 maxDD 0.115
okx_extra base       2026           Sharpe 2.207 trades 30 mean 0.1164 t 2.41 maxDD 0.074
okx_extra excl       all 2022-2026  Sharpe 0.626 trades 142 mean 0.045 t 1.82 maxDD 0.352
okx_extra excl       2022-2024      Sharpe 0.135 trades 94 mean 0.0023 t 0.08 maxDD 0.308
okx_extra excl       2025-2026      Sharpe 1.600 trades 48 mean 0.1286 t 3.24 maxDD 0.115
okx_extra excl       2026           Sharpe 2.509 trades 28 mean 0.1367 t 2.94 maxDD 0.074
okx_extra reanchor   all 2022-2026  Sharpe 0.666 trades 146 mean 0.0501 t 2.06 maxDD 0.352
okx_extra reanchor   2022-2024      Sharpe 0.135 trades 94 mean 0.0023 t 0.08 maxDD 0.308
okx_extra reanchor   2025-2026      Sharpe 1.690 trades 52 mean 0.1366 t 3.68 maxDD 0.115
okx_extra reanchor   2026           Sharpe 2.682 trades 30 mean 0.1509 t 3.38 maxDD 0.074
bn_full base 2025-2026 Sharpe 2.06 152
bn_full excl 2025-2026 Sharpe 1.565 125
bn_full reanchor 2025-2026 Sharpe 1.337 155
binance_only base                  2022-2024     Sharpe 2.413 trades 101 (okx 0) maxDD 0.098 mean 0.0915
binance_only base                  2025-2026     Sharpe 2.060 trades 152 (okx 0) maxDD 0.167 mean 0.1014
binance_only base                  2026 Jan-Aug  Sharpe 2.693 trades 40 (okx 0) maxDD 0.110 mean 0.1127
binance_only base                  2022-2026     Sharpe 2.100 trades 253 (okx 0) maxDD 0.167 mean 0.0974
union base                         2022-2024     Sharpe 1.569 trades 195 (okx 94) maxDD 0.311 mean 0.0485
union base                         2025-2026     Sharpe 2.379 trades 193 (okx 42) maxDD 0.194 mean 0.1033
union base                         2026 Jan-Aug  Sharpe 3.353 trades 60 (okx 20) maxDD 0.122 mean 0.1101
union base                         2022-2026     Sharpe 1.896 trades 388 (okx 136) maxDD 0.340 mean 0.0757
binance_only excl                  2022-2024     Sharpe 2.413 trades 101 (okx 0) maxDD 0.098 mean 0.0915
binance_only excl                  2025-2026     Sharpe 1.565 trades 125 (okx 0) maxDD 0.167 mean 0.0879
binance_only excl                  2026 Jan-Aug  Sharpe 1.659 trades 29 (okx 0) maxDD 0.087 mean 0.0912
binance_only excl                  2022-2026     Sharpe 1.904 trades 226 (okx 0) maxDD 0.167 mean 0.0895
union excl                         2022-2024     Sharpe 1.569 trades 195 (okx 94) maxDD 0.311 mean 0.0485
union excl                         2025-2026     Sharpe 1.998 trades 162 (okx 38) maxDD 0.194 mean 0.095
union excl                         2026 Jan-Aug  Sharpe 2.827 trades 47 (okx 18) maxDD 0.100 mean 0.108
union excl                         2022-2026     Sharpe 1.735 trades 357 (okx 132) maxDD 0.340 mean 0.0696
binance_only reanchor              2022-2024     Sharpe 2.413 trades 101 (okx 0) maxDD 0.098 mean 0.0915
binance_only reanchor              2025-2026     Sharpe 1.337 trades 155 (okx 0) maxDD 0.187 mean 0.0787
binance_only reanchor              2026 Jan-Aug  Sharpe 0.662 trades 45 (okx 0) maxDD 0.187 mean 0.06
binance_only reanchor              2022-2026     Sharpe 1.726 trades 256 (okx 0) maxDD 0.187 mean 0.0837
union reanchor                     2022-2024     Sharpe 1.569 trades 195 (okx 94) maxDD 0.311 mean 0.0485
union reanchor                     2025-2026     Sharpe 1.802 trades 196 (okx 42) maxDD 0.198 mean 0.0894
union reanchor                     2026 Jan-Aug  Sharpe 1.737 trades 65 (okx 20) maxDD 0.198 mean 0.0897
union reanchor                     2022-2026     Sharpe 1.647 trades 391 (okx 136) maxDD 0.340 mean 0.069
union reanchor dedupe              2022-2024     Sharpe 1.569 trades 195 (okx 94) maxDD 0.311 mean 0.0485
union reanchor dedupe              2025-2026     Sharpe 1.770 trades 192 (okx 38) maxDD 0.198 mean 0.0864
union reanchor dedupe              2026 Jan-Aug  Sharpe 1.643 trades 63 (okx 18) maxDD 0.198 mean 0.0815
union reanchor dedupe              2022-2026     Sharpe 1.635 trades 387 (okx 132) maxDD 0.340 mean 0.0673
